<html lang="en">

<head>
    <meta charset="UTF-8">
    <meta http-equiv="X-UA-Compatible" content="IE=edge">
    <meta name="viewport" content="width=device-width, initial-scale=1.0">
    <title>Golden</title>
    <link rel="stylesheet" href="css/style.css">
    <link rel="stylesheet" href="css/all.min.css">
</head>

<body>
    <div class="heading">
        <div class="container">
            <div class="navbar">
                <div class="logo">Golden</div>
                <div class="menu">
                    <ul>
                        <li><a href="#">home</a> </li>
                        <li><a href="#">services</a> </li>
                        <li><a href="#">portfolio</a> </li>
                        <li><a href="#">about</a> </li>
                        <li><a href="#">contact</a> </li>
                    </ul>
                </div>
                <div class="clear"></div>
            </div>
            <div class="welcom-txt">
                <h2>Welcome To Our Studio!</h2>
                <h1>it's nice to meet you</h1>
                <a href="#">tell me more</a>
            </div>
        </div>
    </div>
    <div class="services">
        <div class="container">
            <div class="section-title">
                <h1>services</h1>
                <p>Lorem ipsum dolor sit amet consectetur adipisicing.</p>
            </div>
            <div class="services-boxs">
                <div class="serv">
                    <i class="fa-solid fa-house"></i>
                    <h1>E-Commerce</h1>
                    <p>Lorem, ipsum dolor sit amet consectetur adipisicing elit. Amet, ratione? ipsum dolor sit, amet
                        consectetur adipisicing.</p>
                </div>
                <div class="serv">
                    <i class="fa-solid fa-check-to-slot"></i>
                    <h1>Responsive Web</h1>
                    <p>Lorem ipsum dolor sit amet consectetur adipisicing elit. Earum, labore. ipsum dolor sit amet
                        consectetur adipisicing.</p>
                </div>
                <div class="serv">
                    <i class="fa-solid fa-lock"></i>
                    <h1>Web Security</h1>
                    <p>Lorem ipsum dolor sit, amet consectetur adipisicing elit. Laudantium, temporibus. ipsum dolor sit
                        amet consectetur adipisicing.</p>
                </div>
                <div class="clear"></div>
            </div>
        </div>
    </div>
    <div class="portfolio">
        <div class="container">
            <div class="section-title">
                <h1>our portfolio</h1>
                <p>Lorem, ipsum dolor sit amet consectetur adipisicing elit. Molestias, qui?</p>
            </div>
            <div class="row1">
                <div class="item">
                    <img src="img/item1.jpg" alt="item" height="300">
                    <h1>Eborry & Ivory</h1>
                    <span>Lorem, ipsum.</span>
                </div>
                <div class="item">
                    <img src="img/item2.jpg" alt="item" height="300">
                    <h1>Eborry & Ivory</h1>
                    <span>Lorem, ipsum.</span>
                </div>
                <div class="item">
                    <img src="img/item3.jpg" alt="item" height="300">
                    <h1>Eborry & Ivory</h1>
                    <span>Lorem, ipsum.</span>
                </div>
                <div class="clear"></div>
            </div>
            <div class="row2">
                <div class="item">
                    <img src="img/item4.jpg" alt="item" height="300">
                    <h1>Eborry & Ivory</h1>
                    <span>Lorem, ipsum.</span>
                </div>
                <div class="item">
                    <img src="img/item5.jpg" alt="item" height="300">
                    <h1>Eborry & Ivory</h1>
                    <span>Lorem, ipsum.</span>
                </div>
                <div class="item">
                    <img src="img/item6.jpg" alt="item" height="300">
                    <h1>Eborry & Ivory</h1>
                    <span>Lorem, ipsum.</span>
                </div>
            </div>
            <div class="clear"></div>
            <div class="t"></div>
        </div>
    </div>
    <div class="aboutus">
        <div class="container">
            <div class="section-title">
                <h1>About Us</h1>
                <p>Proin iaculis purus consequat sem cure.</p>
            </div>
            <div class="info1">
                <div class="info-txt">
                    <h3>July 2010 <br>
                        Our Humble Beginnings
                    </h3>
                    <p>Proin iaculis purus consequat sem cure
                        digni ssim. Donec porttitora entum suscipit
                        aenean rhoncus posuere odio in tincidunt. Proin
                        iaculis purus consequat sem cure digni
                        ssim. Donec porttitora entum suscipit.
                    </p>
                </div>
                <div class="info-img">
                    <img src="img/portfolio-1.png" alt="">
                </div>
            </div>
            <div class="clear"></div>
            <div class="info2">
                <div class="info-txt">
                    <h3> January 2011 <br>

                        Facing Startup Battles
                    </h3>
                    <p>Proin iaculis purus consequat sem cure
                        digni ssim. Donec porttitora entum suscipit
                        aenean rhoncus posuere odio in tincidunt. Proin
                        iaculis purus consequat sem cure digni
                        ssim. Donec porttitora entum suscipit aenean
                        rhoncus posuere odio in tincidunt.
                    </p>
                </div>
                <div class="info-img">
                    <img src="img/portfolio-2.png" alt="">
                </div>
            </div>
            <div class="clear"></div>
            <div class="info1">
                <div class="info-txt">
                    <h3>December 2012 <br>
                        Enter The Dark Days
                    </h3>
                    <p>Proin iaculis purus consequat sem cure
                        digni ssim. Donec porttitora entum suscipit
                        aenean rhoncus posuere odio in tincidunt. Proin
                        iaculis purus consequat sem cure digni.
                    </p>
                </div>
                <div class="info-img">
                    <img src="img/portfolio-3.png" alt="">
                </div>
            </div>
            <div class="clear"></div>
            <div class="info2">
                <div class="info-txt">
                    <h3>february 2014 <br>
                        Our Triumph
                    </h3>
                    <p>Proin iaculis purus consequat sem cure
                        digni ssim. Donec porttitora entum suscipit
                        aenean rhoncus posuere odio in tincidunt. Proin
                        iaculis purus consequat sem cure digni
                        ssim. Donec porttitora entum suscipit aenean.
                    </p>
                </div>
                <div class="info-img">
                    <img src="img/portfolio-4.png" alt="">
                </div>
            </div>
            <div class="clear"></div>
            <div class="info3">
                <div class="info-txt">

                </div>
                <div class="info-img">
                    <img src="img/portfolio-last.png" alt="">
                </div>
            </div>
            <div class="clear"></div>

        </div>
    </div>


    <div class="our-team">
        <div class="container">
            <div class="section-title">
                <h1>our amazing TEam</h1>
                <p>Lorem, ipsum dolor sit amet consectetur adipisicing elit. Molestias, qui?</p>
            </div>

            <div class="member-box">
                <div class="m">
                    <div class="m-image">
                        <img src="img/face.png" alt="">
                    </div>
                    <div class="m-txt">
                        <h2>Kimberly Thompson</h2>
                        <p>Marketer</p>
                        <p class="social">
                            <i class="fa-brands fa-facebook-f"></i>
                            <i class="fa-brands fa-instagram"></i>
                            <i class="fa-brands fa-twitter"></i>
                        </p>
                    </div>
                </div>
                <div class="m">
                    <div class="m-image">
                        <img src="img/face.png" alt="">
                    </div>
                    <div class="m-txt">
                        <h2>Kimberly Thompson</h2>
                        <p>Marketer</p>
                        <p class="social">
                            <i class="fa-brands fa-facebook-f"></i>
                            <i class="fa-brands fa-instagram"></i>
                            <i class="fa-brands fa-twitter"></i>
                        </p>
                    </div>
                </div>
                <div class="m">
                    <div class="m-image">
                        <img src="img/face.png" alt="">
                    </div>
                    <div class="m-txt">
                        <h2>Kimberly Thompson</h2>
                        <p>Marketer</p>
                        <p class="social">
                            <i class="fa-brands fa-facebook-f"></i>
                            <i class="fa-brands fa-instagram"></i>
                            <i class="fa-brands fa-twitter"></i>
                        </p>
                    </div>
                </div>
                <div class="clear"></div>

                <p class="p-team ">Lorem ipsum dolor sit amet consectetur adipisicing elit. Animi repellendus ratione
                    voluptatibus? Obcaecati, quo.</p>

            </div>

        </div>

    </div>
    <div class="logo">
        <div class="container">
            <div class="logo-img">
                <img src="img/envato.png" alt="">
                <img src="img/wordpress.png" alt="">
                <img src="img/tuts+.png" alt="">
                <img src="img/microlancer.png" alt="">
            </div>

        </div>
    </div>
    <div class="contact">
        <div class="container">
            <div class="section-title">
                <h1>CONTACT US</h1>
                <p>Lorem, ipsum dolor sit amet consectetur </p>
            </div>
            <div class="form">
            <form action="#">
                <div class="form-txt"> 
                    <input type="text" placeholder="YOUR NAME*" required>
                    <input type="email" placeholder="YOUR E-MAIL*" required>
                    <input type="text" placeholder="SUBJECT">
                </div>
                
               
                <DIV class="AREA">
                    <textarea id="story" name="story"
          rows="12" cols="33">
 YOUR MESSAGE*
</textarea>
                </DIV>
                <div class="clear"></div>
                <input type="submit" value="SEND MESSAGE" class="submit">
            </form>

           
            </div>
        </div>
    </div>
    <div class="foot">
        <div class="social">
            <i class="fa-brands fa-twitter"></i>
            <i class="fa-brands fa-facebook-f"></i>
            <i class="fa-brands fa-instagram"></i>
            <i class="fa-brands fa-google-plus-g"></i>
        </div>
    </div>

</body>

</html>